<!-- wp:block-development-examples/my-first-interactive-block /-->